F:\PORTABLE\_OOBE_\!INSTALL\
Appx Codecs.lnk	
Appx Runtime.lnk	
CompactGUI (Add any folder to enable AutoRun [Start from AHK not work]).lnk	
DefenderUI 1.30 Free.lnk	
DirectX Setup (IF [Appx Runtime] version NOT WORK).lnk	
DirectX Web Setup (VERY SLOW).lnk	
DxDiag 2025-01-30 (DxWebSetup) Compare after fresh install of Appx DirectX.png	
Hard Link Shell Extension 3.9.3.5 x64.lnk	
ImDisk Silent Install (Check TEMP Variables after installation).bat	
kards_installer.exe	
MSI Afterburner 4.6.6 Beta3.lnk	
RTSS Rivatuner Statistics Server 7.3.6 Final.lnk	
Shadow Defender Install.lnk	
Shadow Defender Install KEY	
Windows Firewall Control 6.12.0.0.lnk	
!.NET.lnk	
!VisualCppRedist_AIO_x86_x64 !SILENT!INSTALL!.lnk	
!VisualCppRedist_AIO_x86_x64 !VERYSILENT!INSTALL!.lnk	
@Appx Codecs.lnk	
@Appx Runtime.lnk	
@DirectX Setup (IF [Appx Runtime] version NOT WORK) !SILENT!INSTALL!.lnk	
@DirectX Web Setup (VERY SLOW).lnk	
@DxDiag 2025-01-30 (DxWebSetup) Compare after fresh install of Appx DirectX.png	
@ImDisk !SILENT!INSTALL! (Check TEMP Variables after installation).bat	
DefenderUI Free.lnk	
Git !SILENT!INSTALL!.lnk	
Git !VERYSILENT!INSTALL!.lnk	
Hard Link Shell Extension !SILENT!INSTALL!.lnk	
InSpectre.lnk	
MSI Afterburner 4.6.6 Beta3 !SILENT!INSTALL!.lnk	
RaiDrive 2023.9.256 x64.lnk	
SumatraPDF !SiLENT!INSTALL!.lnk	
svp4-online.lnk	
Virtual.Display.Driver-v24.12.24-setup-x64 (Does StaxRip encode without this).lnk	
Windows Firewall Control !SILENT!INSTALL!.lnk	
DirectX\	
ReadMe.txt	
DirectX\directx_Jun2010_redist\	
DSETUP.dll	
dsetup32.dll	
DXSETUP.exe	
DirectX\directx_Jun2010_redist\Apr2005_d3dx9_25_x64.cab\	
d3dx9_25_x64.cat	
d3dx9_25.dll	
infinst.exe	
apr2005_d3dx9_25_x64.inf	
d3dx9_25_x64.inf	
DirectX\directx_Jun2010_redist\Apr2005_d3dx9_25_x86.cab\	
d3dx9_25_x86.cat	
d3dx9_25.dll	
apr2005_d3dx9_25_x86.inf	
d3dx9_25_w9x.inf	
d3dx9_25_x86.inf	
DirectX\directx_Jun2010_redist\Apr2006_d3dx9_30_x64.cab\	
d3dx9_30_x64.cat	
d3dx9_30.dll	
infinst.exe	
apr2006_d3dx9_30_x64.inf	
d3dx9_30_x64.inf	
DirectX\directx_Jun2010_redist\Apr2006_d3dx9_30_x86.cab\	
d3dx9_30_x86.cat	
d3dx9_30.dll	
apr2006_d3dx9_30_x86.inf	
d3dx9_30_w9x.inf	
d3dx9_30_x86.inf	
DirectX\directx_Jun2010_redist\Apr2006_MDX1_x86.cab\	
microsoft.directx.audiovideoplayback.dll	
microsoft.directx.diagnostics.dll	
microsoft.directx.direct3d.dll	
microsoft.directx.direct3dx.dll	
microsoft.directx.directdraw.dll	
microsoft.directx.directinput.dll	
microsoft.directx.directplay.dll	
microsoft.directx.directsound.dll	
microsoft.directx.dll	
apr2006_mdx1_x86.inf	
microsoft.directx.audiovideoplayback.xml	
microsoft.directx.diagnostics.xml	
microsoft.directx.direct3d.xml	
microsoft.directx.direct3dx.xml	
microsoft.directx.directdraw.xml	
microsoft.directx.directinput.xml	
microsoft.directx.directplay.xml	
microsoft.directx.directsound.xml	
microsoft.directx.xml	
DirectX\directx_Jun2010_redist\Apr2006_MDX1_x86_Archive.cab\	
mdx_1.0.2902.0_x86.cab	
mdx_1.0.2903.0_x86.cab	
mdx_1.0.2904.0_x86.cab	
mdx_1.0.2905.0_x86.cab	
mdx_1.0.2906.0_x86.cab	
mdx_1.0.2907.0_x86.cab	
mdx_1.0.2908.0_x86.cab	
mdx_1.0.2909.0_x86.cab	
mdx_1.0.2910.0_x86.cab	
apr2006_mdx1_x86_archive.inf	
DirectX\directx_Jun2010_redist\Apr2006_XACT_x64.cab\	
xact2_1_x64.cat	
x3daudio1_0.dll	
xactengine2_1.dll	
infinst.exe	
apr2006_xact_x64.inf	
xact2_1_x64.inf	
DirectX\directx_Jun2010_redist\Apr2006_XACT_x86.cab\	
xact2_1_x86.cat	
x3daudio1_0.dll	
xactengine2_1.dll	
apr2006_xact_x86.inf	
xact2_1_x86.inf	
DirectX\directx_Jun2010_redist\Apr2006_xinput_x64.cab\	
xinput1_1_x64.cat	
xinput1_1.dll	
infinst.exe	
apr2006_xinput_x64.inf	
xinput1_1_x64.inf	
DirectX\directx_Jun2010_redist\Apr2006_xinput_x86.cab\	
xinput1_1_x86.cat	
xinput1_1.dll	
apr2006_xinput_x86.inf	
xinput1_1_x86.inf	
DirectX\directx_Jun2010_redist\APR2007_d3dx10_33_x64.cab\	
d3dx10_33_x64.cat	
d3dcompiler_33.dll	
d3dx10_33.dll	
infinst.exe	
apr2007_d3dx10_33_x64.inf	
d3dx10_33_x64.inf	
d3dx10_33_x64_xp.inf	
DirectX\directx_Jun2010_redist\APR2007_d3dx10_33_x86.cab\	
d3dx10_33_x86.cat	
d3dcompiler_33.dll	
d3dx10_33.dll	
apr2007_d3dx10_33_x86.inf	
d3dx10_33_x86.inf	
d3dx10_33_x86_xp.inf	
DirectX\directx_Jun2010_redist\APR2007_d3dx9_33_x64.cab\	
d3dx9_33_x64.cat	
d3dx9_33.dll	
infinst.exe	
apr2007_d3dx9_33_x64.inf	
d3dx9_33_x64.inf	
d3dx9_33_x64_xp.inf	
DirectX\directx_Jun2010_redist\APR2007_d3dx9_33_x86.cab\	
d3dx9_33_x86.cat	
d3dx9_33.dll	
apr2007_d3dx9_33_x86.inf	
d3dx9_33_x86.inf	
d3dx9_33_x86_xp.inf	
DirectX\directx_Jun2010_redist\APR2007_XACT_x64.cab\	
xact2_7_x64.cat	
x3daudio1_1.dll	
xactengine2_7.dll	
infinst.exe	
apr2007_xact_x64.inf	
xact2_7_x64.inf	
xact2_7_x64_xp.inf	
DirectX\directx_Jun2010_redist\APR2007_XACT_x86.cab\	
xact2_7_x86.cat	
x3daudio1_1.dll	
xactengine2_7.dll	
apr2007_xact_x86.inf	
xact2_7_x86.inf	
xact2_7_x86_xp.inf	
DirectX\directx_Jun2010_redist\APR2007_xinput_x64.cab\	
xinput1_3_x64.cat	
xinput1_3.dll	
infinst.exe	
apr2007_xinput_x64.inf	
xinput1_3_x64.inf	
xinput1_3_x64_xp.inf	
DirectX\directx_Jun2010_redist\APR2007_xinput_x86.cab\	
xinput1_3_x86.cat	
xinput1_3.dll	
apr2007_xinput_x86.inf	
xinput1_3_x86.inf	
xinput1_3_x86_xp.inf	
DirectX\directx_Jun2010_redist\Aug2005_d3dx9_27_x64.cab\	
d3dx9_27_x64.cat	
d3dx9_27.dll	
infinst.exe	
aug2005_d3dx9_27_x64.inf	
d3dx9_27_x64.inf	
DirectX\directx_Jun2010_redist\Aug2005_d3dx9_27_x86.cab\	
d3dx9_27_x86.cat	
d3dx9_27.dll	
aug2005_d3dx9_27_x86.inf	
d3dx9_27_w9x.inf	
d3dx9_27_x86.inf	
DirectX\directx_Jun2010_redist\AUG2006_XACT_x64.cab\	
xact2_3_x64.cat	
x3daudio1_0.dll	
xactengine2_3.dll	
infinst.exe	
aug2006_xact_x64.inf	
xact2_3_x64.inf	
DirectX\directx_Jun2010_redist\AUG2006_XACT_x86.cab\	
xact2_3_x86.cat	
x3daudio1_0.dll	
xactengine2_3.dll	
aug2006_xact_x86.inf	
xact2_3_x86.inf	
DirectX\directx_Jun2010_redist\AUG2006_xinput_x64.cab\	
xinput1_2_x64.cat	
xinput1_2.dll	
infinst.exe	
aug2006_xinput_x64.inf	
xinput1_2_x64.inf	
DirectX\directx_Jun2010_redist\AUG2006_xinput_x86.cab\	
xinput1_2_x86.cat	
xinput1_2.dll	
aug2006_xinput_x86.inf	
xinput1_2_x86.inf	
DirectX\directx_Jun2010_redist\AUG2007_d3dx10_35_x64.cab\	
d3dx10_35_x64.cat	
d3dcompiler_35.dll	
d3dx10_35.dll	
infinst.exe	
aug2007_d3dx10_35_x64.inf	
d3dx10_35_x64.inf	
d3dx10_35_x64_xp.inf	
DirectX\directx_Jun2010_redist\AUG2007_d3dx10_35_x86.cab\	
d3dx10_35_x86.cat	
d3dcompiler_35.dll	
d3dx10_35.dll	
aug2007_d3dx10_35_x86.inf	
d3dx10_35_x86.inf	
d3dx10_35_x86_xp.inf	
DirectX\directx_Jun2010_redist\AUG2007_d3dx9_35_x64.cab\	
d3dx9_35_x64.cat	
d3dx9_35.dll	
infinst.exe	
aug2007_d3dx9_35_x64.inf	
d3dx9_35_x64.inf	
d3dx9_35_x64_xp.inf	
DirectX\directx_Jun2010_redist\AUG2007_d3dx9_35_x86.cab\	
d3dx9_35_x86.cat	
d3dx9_35.dll	
aug2007_d3dx9_35_x86.inf	
d3dx9_35_x86.inf	
d3dx9_35_x86_xp.inf	
DirectX\directx_Jun2010_redist\AUG2007_XACT_x64.cab\	
xact2_9_x64.cat	
x3daudio1_2.dll	
xactengine2_9.dll	
infinst.exe	
aug2007_xact_x64.inf	
xact2_9_x64.inf	
xact2_9_x64_xp.inf	
DirectX\directx_Jun2010_redist\AUG2007_XACT_x86.cab\	
xact2_9_x86.cat	
x3daudio1_2.dll	
xactengine2_9.dll	
aug2007_xact_x86.inf	
xact2_9_x86.inf	
xact2_9_x86_xp.inf	
DirectX\directx_Jun2010_redist\Aug2008_d3dx10_39_x64.cab\	
d3dx10_39.dll	
D3DCompiler_39.dll	
d3dx10_39_x64.cat	
d3dx10_39_x64.inf	
d3dx10_39_x64_xp.inf	
Aug2008_d3dx10_39_x64.inf	
infinst.exe	
DirectX\directx_Jun2010_redist\Aug2008_d3dx10_39_x86.cab\	
d3dx10_39.dll	
D3DCompiler_39.dll	
d3dx10_39_x86.cat	
d3dx10_39_x86.inf	
d3dx10_39_x86_xp.inf	
Aug2008_d3dx10_39_x86.inf	
DirectX\directx_Jun2010_redist\Aug2008_d3dx9_39_x64.cab\	
d3dx9_39.dll	
d3dx9_39_x64.cat	
d3dx9_39_x64.inf	
d3dx9_39_x64_xp.inf	
Aug2008_d3dx9_39_x64.inf	
infinst.exe	
DirectX\directx_Jun2010_redist\Aug2008_d3dx9_39_x86.cab\	
d3dx9_39.dll	
d3dx9_39_x86.cat	
d3dx9_39_x86.inf	
d3dx9_39_x86_xp.inf	
Aug2008_d3dx9_39_x86.inf	
DirectX\directx_Jun2010_redist\Aug2008_XACT_x64.cab\	
xactengine3_2.dll	
XACT3_2_x64.inf	
XACT3_2_x64.cat	
XACT3_2_x64_xp.inf	
Aug2008_XACT_x64.inf	
infinst.exe	
DirectX\directx_Jun2010_redist\Aug2008_XACT_x86.cab\	
xactengine3_2.dll	
XACT3_2_x86.inf	
XACT3_2_x86.cat	
XACT3_2_x86_xp.inf	
Aug2008_XACT_x86.inf	
DirectX\directx_Jun2010_redist\Aug2008_XAudio_x64.cab\	
XAudio2_2.dll	
XAPOFX1_1.dll	
XAudio2_2_x64.inf	
XAudio2_2_x64.cat	
XAudio2_2_x64_xp.inf	
Aug2008_XAudio_x64.inf	
infinst.exe	
DirectX\directx_Jun2010_redist\Aug2008_XAudio_x86.cab\	
XAudio2_2.dll	
XAPOFX1_1.dll	
XAudio2_2_x86.inf	
XAudio2_2_x86.cat	
XAudio2_2_x86_xp.inf	
Aug2008_XAudio_x86.inf	
DirectX\directx_Jun2010_redist\Aug2009_D3DCompiler_42_x64.cab\	
D3DCompiler_42.dll	
D3DCompiler_42_x64.cat	
D3DCompiler_42_x64.inf	
D3DCompiler_42_x64_xp.inf	
AUG2009_D3DCompiler_42_x64.inf	
infinst.exe	
DirectX\directx_Jun2010_redist\Aug2009_D3DCompiler_42_x86.cab\	
D3DCompiler_42.dll	
D3DCompiler_42_x86.cat	
D3DCompiler_42_x86.inf	
D3DCompiler_42_x86_xp.inf	
AUG2009_D3DCompiler_42_x86.inf	
DirectX\directx_Jun2010_redist\Aug2009_d3dcsx_42_x64.cab\	
d3dcsx_42.dll	
d3dcsx_42_x64.cat	
d3dcsx_42_x64.inf	
d3dcsx_42_x64_xp.inf	
AUG2009_d3dcsx_42_x64.inf	
infinst.exe	
DirectX\directx_Jun2010_redist\Aug2009_d3dcsx_42_x86.cab\	
d3dcsx_42.dll	
d3dcsx_42_x86.cat	
d3dcsx_42_x86.inf	
d3dcsx_42_x86_xp.inf	
AUG2009_d3dcsx_42_x86.inf	
DirectX\directx_Jun2010_redist\Aug2009_d3dx10_42_x64.cab\	
d3dx10_42.dll	
d3dx10_42_x64.cat	
d3dx10_42_x64.inf	
d3dx10_42_x64_xp.inf	
AUG2009_d3dx10_42_x64.inf	
infinst.exe	
DirectX\directx_Jun2010_redist\Aug2009_d3dx10_42_x86.cab\	
d3dx10_42.dll	
d3dx10_42_x86.cat	
d3dx10_42_x86.inf	
d3dx10_42_x86_xp.inf	
AUG2009_d3dx10_42_x86.inf	
DirectX\directx_Jun2010_redist\Aug2009_d3dx11_42_x64.cab\	
d3dx11_42.dll	
d3dx11_42_x64.cat	
d3dx11_42_x64.inf	
d3dx11_42_x64_xp.inf	
AUG2009_d3dx11_42_x64.inf	
infinst.exe	
DirectX\directx_Jun2010_redist\Aug2009_d3dx11_42_x86.cab\	
d3dx11_42.dll	
d3dx11_42_x86.cat	
d3dx11_42_x86.inf	
d3dx11_42_x86_xp.inf	
AUG2009_d3dx11_42_x86.inf	
DirectX\directx_Jun2010_redist\Aug2009_d3dx9_42_x64.cab\	
d3dx9_42.dll	
d3dx9_42_x64.cat	
d3dx9_42_x64.inf	
d3dx9_42_x64_xp.inf	
AUG2009_d3dx9_42_x64.inf	
infinst.exe	
DirectX\directx_Jun2010_redist\Aug2009_d3dx9_42_x86.cab\	
d3dx9_42.dll	
d3dx9_42_x86.cat	
d3dx9_42_x86.inf	
d3dx9_42_x86_xp.inf	
AUG2009_d3dx9_42_x86.inf	
DirectX\directx_Jun2010_redist\Aug2009_XACT_x64.cab\	
xactengine3_5.dll	
XACT3_5_x64.inf	
XACT3_5_x64.cat	
XACT3_5_x64_xp.inf	
AUG2009_XACT_x64.inf	
infinst.exe	
DirectX\directx_Jun2010_redist\Aug2009_XACT_x86.cab\	
xactengine3_5.dll	
XACT3_5_x86.inf	
XACT3_5_x86.cat	
XACT3_5_x86_xp.inf	
AUG2009_XACT_x86.inf	
DirectX\directx_Jun2010_redist\Aug2009_XAudio_x64.cab\	
XAudio2_5.dll	
XAPOFX1_3.dll	
XAudio2_5_x64.inf	
XAudio2_5_x64.cat	
XAudio2_5_x64_xp.inf	
AUG2009_XAudio_x64.inf	
infinst.exe	
DirectX\directx_Jun2010_redist\Aug2009_XAudio_x86.cab\	
XAudio2_5.dll	
XAPOFX1_3.dll	
XAudio2_5_x86.inf	
XAudio2_5_x86.cat	
XAudio2_5_x86_xp.inf	
AUG2009_XAudio_x86.inf	
DirectX\directx_Jun2010_redist\Dec2005_d3dx9_28_x64.cab\	
d3dx9_28_x64.cat	
d3dx9_28.dll	
infinst.exe	
d3dx9_28_x64.inf	
dec2005_d3dx9_28_x64.inf	
DirectX\directx_Jun2010_redist\Dec2005_d3dx9_28_x86.cab\	
d3dx9_28_x86.cat	
d3dx9_28.dll	
d3dx9_28_w9x.inf	
d3dx9_28_x86.inf	
dec2005_d3dx9_28_x86.inf	
DirectX\directx_Jun2010_redist\DEC2006_d3dx10_00_x64.cab\	
d3dx10_00_x64.cat	
d3dx10.dll	
infinst.exe	
d3dx10_00_x64.inf	
dec2006_d3dx10_00_x64.inf	
DirectX\directx_Jun2010_redist\DEC2006_d3dx10_00_x86.cab\	
d3dx10_00_x86.cat	
d3dx10.dll	
d3dx10_00_x86.inf	
dec2006_d3dx10_00_x86.inf	
DirectX\directx_Jun2010_redist\DEC2006_d3dx9_32_x64.cab\	
d3dx9_32_x64.cat	
d3dx9_32.dll	
infinst.exe	
d3dx9_32_x64.inf	
dec2006_d3dx9_32_x64.inf	
DirectX\directx_Jun2010_redist\DEC2006_d3dx9_32_x86.cab\	
d3dx9_32_x86.cat	
d3dx9_32.dll	
d3dx9_32_x86.inf	
dec2006_d3dx9_32_x86.inf	
DirectX\directx_Jun2010_redist\DEC2006_XACT_x64.cab\	
xact2_5_x64.cat	
x3daudio1_1.dll	
xactengine2_5.dll	
infinst.exe	
dec2006_xact_x64.inf	
xact2_5_x64.inf	
DirectX\directx_Jun2010_redist\DEC2006_XACT_x86.cab\	
xact2_5_x86.cat	
x3daudio1_1.dll	
xactengine2_5.dll	
dec2006_xact_x86.inf	
xact2_5_x86.inf	
DirectX\directx_Jun2010_redist\dxdllreg_x86.cab\	
dxdllreg.exe	
dxdllreg_x86.inf	
DirectX\directx_Jun2010_redist\dxupdate.cab\	
dxupdate.dll	
dxupdate.inf	
dxupdate.cif	
DirectX\directx_Jun2010_redist\Feb2005_d3dx9_24_x64.cab\	
d3dx9_24_x64.cat	
d3dx9_24.dll	
infinst.exe	
d3dx9_24_x64.inf	
DirectX\directx_Jun2010_redist\Feb2005_d3dx9_24_x86.cab\	
d3dx9_24_x86.cat	
d3dx9_24.dll	
d3dx9_24_w9x.inf	
d3dx9_24_x86.inf	
DirectX\directx_Jun2010_redist\Feb2006_d3dx9_29_x64.cab\	
d3dx9_29_x64.cat	
d3dx9_29.dll	
infinst.exe	
d3dx9_29_x64.inf	
feb2006_d3dx9_29_x64.inf	
DirectX\directx_Jun2010_redist\Feb2006_d3dx9_29_x86.cab\	
d3dx9_29_x86.cat	
d3dx9_29.dll	
d3dx9_29_w9x.inf	
d3dx9_29_x86.inf	
feb2006_d3dx9_29_x86.inf	
DirectX\directx_Jun2010_redist\Feb2006_XACT_x64.cab\	
xact_x64.cat	
x3daudio1_0.dll	
xactengine2_0.dll	
infinst.exe	
feb2006_xact_x64.inf	
xact_x64.inf	
DirectX\directx_Jun2010_redist\Feb2006_XACT_x86.cab\	
xact_x86.cat	
x3daudio1_0.dll	
xactengine2_0.dll	
feb2006_xact_x86.inf	
xact_x86.inf	
DirectX\directx_Jun2010_redist\FEB2007_XACT_x64.cab\	
xact2_6_x64.cat	
x3daudio1_1.dll	
xactengine2_6.dll	
infinst.exe	
feb2007_xact_x64.inf	
xact2_6_x64.inf	
DirectX\directx_Jun2010_redist\FEB2007_XACT_x86.cab\	
xact2_6_x86.cat	
x3daudio1_1.dll	
xactengine2_6.dll	
feb2007_xact_x86.inf	
xact2_6_x86.inf	
DirectX\directx_Jun2010_redist\Feb2010_X3DAudio_x64.cab\	
X3DAudio1_7.dll	
X3DAudio1_7_x64.inf	
X3DAudio1_7_x64.cat	
X3DAudio1_7_x64_xp.inf	
FEB2010_X3DAudio_x64.inf	
infinst.exe	
DirectX\directx_Jun2010_redist\Feb2010_X3DAudio_x86.cab\	
X3DAudio1_7.dll	
X3DAudio1_7_x86.inf	
X3DAudio1_7_x86.cat	
X3DAudio1_7_x86_xp.inf	
FEB2010_X3DAudio_x86.inf	
DirectX\directx_Jun2010_redist\Feb2010_XACT_x64.cab\	
xactengine3_6.dll	
XACT3_6_x64.inf	
XACT3_6_x64.cat	
XACT3_6_x64_xp.inf	
FEB2010_XACT_x64.inf	
infinst.exe	
DirectX\directx_Jun2010_redist\Feb2010_XACT_x86.cab\	
xactengine3_6.dll	
XACT3_6_x86.inf	
XACT3_6_x86.cat	
XACT3_6_x86_xp.inf	
FEB2010_XACT_x86.inf	
DirectX\directx_Jun2010_redist\Feb2010_XAudio_x64.cab\	
XAudio2_6.dll	
XAPOFX1_4.dll	
XAudio2_6_x64.inf	
XAudio2_6_x64.cat	
XAudio2_6_x64_xp.inf	
FEB2010_XAudio_x64.inf	
infinst.exe	
DirectX\directx_Jun2010_redist\Feb2010_XAudio_x86.cab\	
XAudio2_6.dll	
XAPOFX1_4.dll	
XAudio2_6_x86.inf	
XAudio2_6_x86.cat	
XAudio2_6_x86_xp.inf	
FEB2010_XAudio_x86.inf	
DirectX\directx_Jun2010_redist\Jun2005_d3dx9_26_x64.cab\	
d3dx9_26_x64.cat	
d3dx9_26.dll	
infinst.exe	
d3dx9_26_x64.inf	
jun2005_d3dx9_26_x64.inf	
DirectX\directx_Jun2010_redist\Jun2005_d3dx9_26_x86.cab\	
d3dx9_26_x86.cat	
d3dx9_26.dll	
d3dx9_26_w9x.inf	
d3dx9_26_x86.inf	
jun2005_d3dx9_26_x86.inf	
DirectX\directx_Jun2010_redist\JUN2006_XACT_x64.cab\	
xact2_2_x64.cat	
x3daudio1_0.dll	
xactengine2_2.dll	
infinst.exe	
jun2006_xact_x64.inf	
xact2_2_x64.inf	
DirectX\directx_Jun2010_redist\JUN2006_XACT_x86.cab\	
xact2_2_x86.cat	
x3daudio1_0.dll	
xactengine2_2.dll	
jun2006_xact_x86.inf	
xact2_2_x86.inf	
DirectX\directx_Jun2010_redist\JUN2007_d3dx10_34_x64.cab\	
d3dx10_34_x64.cat	
d3dcompiler_34.dll	
d3dx10_34.dll	
infinst.exe	
d3dx10_34_x64.inf	
d3dx10_34_x64_xp.inf	
jun2007_d3dx10_34_x64.inf	
DirectX\directx_Jun2010_redist\JUN2007_d3dx10_34_x86.cab\	
d3dx10_34_x86.cat	
d3dcompiler_34.dll	
d3dx10_34.dll	
d3dx10_34_x86.inf	
d3dx10_34_x86_xp.inf	
jun2007_d3dx10_34_x86.inf	
DirectX\directx_Jun2010_redist\JUN2007_d3dx9_34_x64.cab\	
d3dx9_34_x64.cat	
d3dx9_34.dll	
infinst.exe	
d3dx9_34_x64.inf	
d3dx9_34_x64_xp.inf	
jun2007_d3dx9_34_x64.inf	
DirectX\directx_Jun2010_redist\JUN2007_d3dx9_34_x86.cab\	
d3dx9_34_x86.cat	
d3dx9_34.dll	
d3dx9_34_x86.inf	
d3dx9_34_x86_xp.inf	
jun2007_d3dx9_34_x86.inf	
DirectX\directx_Jun2010_redist\JUN2007_XACT_x64.cab\	
xact2_8_x64.cat	
x3daudio1_2.dll	
xactengine2_8.dll	
infinst.exe	
jun2007_xact_x64.inf	
xact2_8_x64.inf	
xact2_8_x64_xp.inf	
DirectX\directx_Jun2010_redist\JUN2007_XACT_x86.cab\	
xact2_8_x86.cat	
x3daudio1_2.dll	
xactengine2_8.dll	
jun2007_xact_x86.inf	
xact2_8_x86.inf	
xact2_8_x86_xp.inf	
DirectX\directx_Jun2010_redist\JUN2008_d3dx10_38_x64.cab\	
d3dx10_38.dll	
D3DCompiler_38.dll	
d3dx10_38_x64.cat	
d3dx10_38_x64.inf	
d3dx10_38_x64_xp.inf	
Jun2008_d3dx10_38_x64.inf	
infinst.exe	
DirectX\directx_Jun2010_redist\JUN2008_d3dx10_38_x86.cab\	
d3dx10_38.dll	
D3DCompiler_38.dll	
d3dx10_38_x86.cat	
d3dx10_38_x86.inf	
d3dx10_38_x86_xp.inf	
Jun2008_d3dx10_38_x86.inf	
DirectX\directx_Jun2010_redist\JUN2008_d3dx9_38_x64.cab\	
d3dx9_38.dll	
d3dx9_38_x64.cat	
d3dx9_38_x64.inf	
d3dx9_38_x64_xp.inf	
Jun2008_d3dx9_38_x64.inf	
infinst.exe	
DirectX\directx_Jun2010_redist\JUN2008_d3dx9_38_x86.cab\	
d3dx9_38.dll	
d3dx9_38_x86.cat	
d3dx9_38_x86.inf	
d3dx9_38_x86_xp.inf	
Jun2008_d3dx9_38_x86.inf	
DirectX\directx_Jun2010_redist\JUN2008_X3DAudio_x64.cab\	
X3DAudio1_4.dll	
X3DAudio1_4_x64.inf	
X3DAudio1_4_x64.cat	
X3DAudio1_4_x64_xp.inf	
Jun2008_X3DAudio_x64.inf	
infinst.exe	
DirectX\directx_Jun2010_redist\JUN2008_X3DAudio_x86.cab\	
X3DAudio1_4.dll	
X3DAudio1_4_x86.inf	
X3DAudio1_4_x86.cat	
X3DAudio1_4_x86_xp.inf	
Jun2008_X3DAudio_x86.inf	
DirectX\directx_Jun2010_redist\JUN2008_XACT_x64.cab\	
xactengine3_1.dll	
XACT3_1_x64.inf	
XACT3_1_x64.cat	
XACT3_1_x64_xp.inf	
Jun2008_XACT_x64.inf	
infinst.exe	
DirectX\directx_Jun2010_redist\JUN2008_XACT_x86.cab\	
xactengine3_1.dll	
XACT3_1_x86.inf	
XACT3_1_x86.cat	
XACT3_1_x86_xp.inf	
Jun2008_XACT_x86.inf	
DirectX\directx_Jun2010_redist\JUN2008_XAudio_x64.cab\	
XAudio2_1.dll	
XAPOFX1_0.dll	
XAudio2_1_x64.inf	
XAudio2_1_x64.cat	
XAudio2_1_x64_xp.inf	
Jun2008_XAudio_x64.inf	
infinst.exe	
DirectX\directx_Jun2010_redist\JUN2008_XAudio_x86.cab\	
XAudio2_1.dll	
XAPOFX1_0.dll	
XAudio2_1_x86.inf	
XAudio2_1_x86.cat	
XAudio2_1_x86_xp.inf	
Jun2008_XAudio_x86.inf	
DirectX\directx_Jun2010_redist\Jun2010_D3DCompiler_43_x64.cab\	
D3DCompiler_43.dll	
D3DCompiler_43_x64.cat	
D3DCompiler_43_x64.inf	
D3DCompiler_43_x64_xp.inf	
JUN2010_D3DCompiler_43_x64.inf	
infinst.exe	
DirectX\directx_Jun2010_redist\Jun2010_D3DCompiler_43_x86.cab\	
D3DCompiler_43.dll	
D3DCompiler_43_x86.cat	
D3DCompiler_43_x86.inf	
D3DCompiler_43_x86_xp.inf	
JUN2010_D3DCompiler_43_x86.inf	
DirectX\directx_Jun2010_redist\Jun2010_d3dcsx_43_x64.cab\	
d3dcsx_43.dll	
d3dcsx_43_x64.cat	
d3dcsx_43_x64.inf	
d3dcsx_43_x64_xp.inf	
JUN2010_d3dcsx_43_x64.inf	
infinst.exe	
DirectX\directx_Jun2010_redist\Jun2010_d3dcsx_43_x86.cab\	
d3dcsx_43.dll	
d3dcsx_43_x86.cat	
d3dcsx_43_x86.inf	
d3dcsx_43_x86_xp.inf	
JUN2010_d3dcsx_43_x86.inf	
DirectX\directx_Jun2010_redist\Jun2010_d3dx10_43_x64.cab\	
d3dx10_43.dll	
d3dx10_43_x64.cat	
d3dx10_43_x64.inf	
d3dx10_43_x64_xp.inf	
JUN2010_d3dx10_43_x64.inf	
infinst.exe	
DirectX\directx_Jun2010_redist\Jun2010_d3dx10_43_x86.cab\	
d3dx10_43.dll	
d3dx10_43_x86.cat	
d3dx10_43_x86.inf	
d3dx10_43_x86_xp.inf	
JUN2010_d3dx10_43_x86.inf	
DirectX\directx_Jun2010_redist\Jun2010_d3dx11_43_x64.cab\	
d3dx11_43.dll	
d3dx11_43_x64.cat	
d3dx11_43_x64.inf	
d3dx11_43_x64_xp.inf	
JUN2010_d3dx11_43_x64.inf	
infinst.exe	
DirectX\directx_Jun2010_redist\Jun2010_d3dx11_43_x86.cab\	
d3dx11_43.dll	
d3dx11_43_x86.cat	
d3dx11_43_x86.inf	
d3dx11_43_x86_xp.inf	
JUN2010_d3dx11_43_x86.inf	
DirectX\directx_Jun2010_redist\Jun2010_d3dx9_43_x64.cab\	
d3dx9_43.dll	
d3dx9_43_x64.cat	
d3dx9_43_x64.inf	
d3dx9_43_x64_xp.inf	
JUN2010_d3dx9_43_x64.inf	
infinst.exe	
DirectX\directx_Jun2010_redist\Jun2010_d3dx9_43_x86.cab\	
d3dx9_43.dll	
d3dx9_43_x86.cat	
d3dx9_43_x86.inf	
d3dx9_43_x86_xp.inf	
JUN2010_d3dx9_43_x86.inf	
DirectX\directx_Jun2010_redist\Jun2010_XACT_x64.cab\	
xactengine3_7.dll	
XACT3_7_x64.inf	
XACT3_7_x64.cat	
XACT3_7_x64_xp.inf	
JUN2010_XACT_x64.inf	
infinst.exe	
DirectX\directx_Jun2010_redist\Jun2010_XACT_x86.cab\	
xactengine3_7.dll	
XACT3_7_x86.inf	
XACT3_7_x86.cat	
XACT3_7_x86_xp.inf	
JUN2010_XACT_x86.inf	
DirectX\directx_Jun2010_redist\Jun2010_XAudio_x64.cab\	
XAudio2_7.dll	
XAPOFX1_5.dll	
XAudio2_7_x64.inf	
XAudio2_7_x64.cat	
XAudio2_7_x64_xp.inf	
JUN2010_XAudio_x64.inf	
infinst.exe	
DirectX\directx_Jun2010_redist\Jun2010_XAudio_x86.cab\	
XAudio2_7.dll	
XAPOFX1_5.dll	
XAudio2_7_x86.inf	
XAudio2_7_x86.cat	
XAudio2_7_x86_xp.inf	
JUN2010_XAudio_x86.inf	
DirectX\directx_Jun2010_redist\Mar2008_d3dx10_37_x64.cab\	
d3dx10_37.dll	
D3DCompiler_37.dll	
d3dx10_37_x64.cat	
d3dx10_37_x64.inf	
d3dx10_37_x64_xp.inf	
Mar2008_d3dx10_37_x64.inf	
infinst.exe	
DirectX\directx_Jun2010_redist\Mar2008_d3dx10_37_x86.cab\	
d3dx10_37.dll	
D3DCompiler_37.dll	
d3dx10_37_x86.cat	
d3dx10_37_x86.inf	
d3dx10_37_x86_xp.inf	
Mar2008_d3dx10_37_x86.inf	
DirectX\directx_Jun2010_redist\Mar2008_d3dx9_37_x64.cab\	
d3dx9_37.dll	
d3dx9_37_x64.cat	
d3dx9_37_x64.inf	
d3dx9_37_x64_xp.inf	
Mar2008_d3dx9_37_x64.inf	
infinst.exe	
DirectX\directx_Jun2010_redist\Mar2008_d3dx9_37_x86.cab\	
d3dx9_37.dll	
d3dx9_37_x86.cat	
d3dx9_37_x86.inf	
d3dx9_37_x86_xp.inf	
Mar2008_d3dx9_37_x86.inf	
DirectX\directx_Jun2010_redist\Mar2008_X3DAudio_x64.cab\	
X3DAudio1_3.dll	
X3DAudio1_3_x64.inf	
X3DAudio1_3_x64.cat	
X3DAudio1_3_x64_xp.inf	
Mar2008_X3DAudio_x64.inf	
infinst.exe	
DirectX\directx_Jun2010_redist\Mar2008_X3DAudio_x86.cab\	
X3DAudio1_3.dll	
X3DAudio1_3_x86.inf	
X3DAudio1_3_x86.cat	
X3DAudio1_3_x86_xp.inf	
Mar2008_X3DAudio_x86.inf	
DirectX\directx_Jun2010_redist\Mar2008_XACT_x64.cab\	
xactengine3_0.dll	
XACT3_0_x64.inf	
XACT3_0_x64.cat	
XACT3_0_x64_xp.inf	
Mar2008_XACT_x64.inf	
infinst.exe	
DirectX\directx_Jun2010_redist\Mar2008_XACT_x86.cab\	
xactengine3_0.dll	
XACT3_0_x86.inf	
XACT3_0_x86.cat	
XACT3_0_x86_xp.inf	
Mar2008_XACT_x86.inf	
DirectX\directx_Jun2010_redist\Mar2008_XAudio_x64.cab\	
XAudio2_0.dll	
XAudio2_0_x64.inf	
XAudio2_0_x64.cat	
XAudio2_0_x64_xp.inf	
Mar2008_XAudio_x64.inf	
infinst.exe	
DirectX\directx_Jun2010_redist\Mar2008_XAudio_x86.cab\	
XAudio2_0.dll	
XAudio2_0_x86.inf	
XAudio2_0_x86.cat	
XAudio2_0_x86_xp.inf	
Mar2008_XAudio_x86.inf	
DirectX\directx_Jun2010_redist\Mar2009_d3dx10_41_x64.cab\	
d3dx10_41.dll	
D3DCompiler_41.dll	
d3dx10_41_x64.cat	
d3dx10_41_x64.inf	
d3dx10_41_x64_xp.inf	
Mar2009_d3dx10_41_x64.inf	
infinst.exe	
DirectX\directx_Jun2010_redist\Mar2009_d3dx10_41_x86.cab\	
d3dx10_41.dll	
D3DCompiler_41.dll	
d3dx10_41_x86.cat	
d3dx10_41_x86.inf	
d3dx10_41_x86_xp.inf	
Mar2009_d3dx10_41_x86.inf	
DirectX\directx_Jun2010_redist\Mar2009_d3dx9_41_x64.cab\	
d3dx9_41.dll	
d3dx9_41_x64.cat	
d3dx9_41_x64.inf	
d3dx9_41_x64_xp.inf	
Mar2009_d3dx9_41_x64.inf	
infinst.exe	
DirectX\directx_Jun2010_redist\Mar2009_d3dx9_41_x86.cab\	
d3dx9_41.dll	
d3dx9_41_x86.cat	
d3dx9_41_x86.inf	
d3dx9_41_x86_xp.inf	
Mar2009_d3dx9_41_x86.inf	
DirectX\directx_Jun2010_redist\Mar2009_X3DAudio_x64.cab\	
X3DAudio1_6.dll	
X3DAudio1_6_x64.inf	
X3DAudio1_6_x64.cat	
X3DAudio1_6_x64_xp.inf	
Mar2009_X3DAudio_x64.inf	
infinst.exe	
DirectX\directx_Jun2010_redist\Mar2009_X3DAudio_x86.cab\	
X3DAudio1_6.dll	
X3DAudio1_6_x86.inf	
X3DAudio1_6_x86.cat	
X3DAudio1_6_x86_xp.inf	
Mar2009_X3DAudio_x86.inf	
DirectX\directx_Jun2010_redist\Mar2009_XACT_x64.cab\	
xactengine3_4.dll	
XACT3_4_x64.inf	
XACT3_4_x64.cat	
XACT3_4_x64_xp.inf	
Mar2009_XACT_x64.inf	
infinst.exe	
DirectX\directx_Jun2010_redist\Mar2009_XACT_x86.cab\	
xactengine3_4.dll	
XACT3_4_x86.inf	
XACT3_4_x86.cat	
XACT3_4_x86_xp.inf	
Mar2009_XACT_x86.inf	
DirectX\directx_Jun2010_redist\Mar2009_XAudio_x64.cab\	
XAudio2_4.dll	
XAPOFX1_3.dll	
XAudio2_4_x64.inf	
XAudio2_4_x64.cat	
XAudio2_4_x64_xp.inf	
Mar2009_XAudio_x64.inf	
infinst.exe	
DirectX\directx_Jun2010_redist\Mar2009_XAudio_x86.cab\	
XAudio2_4.dll	
XAPOFX1_3.dll	
XAudio2_4_x86.inf	
XAudio2_4_x86.cat	
XAudio2_4_x86_xp.inf	
Mar2009_XAudio_x86.inf	
DirectX\directx_Jun2010_redist\Nov2007_d3dx10_36_x64.cab\	
d3dx10_36_x64.cat	
d3dcompiler_36.dll	
d3dx10_36.dll	
infinst.exe	
d3dx10_36_x64.inf	
d3dx10_36_x64_xp.inf	
nov2007_d3dx10_36_x64.inf	
DirectX\directx_Jun2010_redist\Nov2007_d3dx10_36_x86.cab\	
d3dx10_36_x86.cat	
d3dcompiler_36.dll	
d3dx10_36.dll	
d3dx10_36_x86.inf	
d3dx10_36_x86_xp.inf	
nov2007_d3dx10_36_x86.inf	
DirectX\directx_Jun2010_redist\Nov2007_d3dx9_36_x64.cab\	
d3dx9_36_x64.cat	
d3dx9_36.dll	
infinst.exe	
d3dx9_36_x64.inf	
d3dx9_36_x64_xp.inf	
nov2007_d3dx9_36_x64.inf	
DirectX\directx_Jun2010_redist\Nov2007_d3dx9_36_x86.cab\	
d3dx9_36_x86.cat	
d3dx9_36.dll	
d3dx9_36_x86.inf	
d3dx9_36_x86_xp.inf	
nov2007_d3dx9_36_x86.inf	
DirectX\directx_Jun2010_redist\NOV2007_X3DAudio_x64.cab\	
x3daudio1_2_x64.cat	
x3daudio1_2.dll	
infinst.exe	
nov2007_x3daudio_x64.inf	
x3daudio1_2_x64.inf	
x3daudio1_2_x64_xp.inf	
DirectX\directx_Jun2010_redist\NOV2007_X3DAudio_x86.cab\	
x3daudio1_2_x86.cat	
x3daudio1_2.dll	
nov2007_x3daudio_x86.inf	
x3daudio1_2_x86.inf	
x3daudio1_2_x86_xp.inf	
DirectX\directx_Jun2010_redist\NOV2007_XACT_x64.cab\	
xact2_10_x64.cat	
xactengine2_10.dll	
infinst.exe	
nov2007_xact_x64.inf	
xact2_10_x64.inf	
xact2_10_x64_xp.inf	
DirectX\directx_Jun2010_redist\NOV2007_XACT_x86.cab\	
xact2_10_x86.cat	
xactengine2_10.dll	
nov2007_xact_x86.inf	
xact2_10_x86.inf	
xact2_10_x86_xp.inf	
DirectX\directx_Jun2010_redist\Nov2008_d3dx10_40_x64.cab\	
d3dx10_40.dll	
D3DCompiler_40.dll	
d3dx10_40_x64.cat	
d3dx10_40_x64.inf	
d3dx10_40_x64_xp.inf	
Nov2008_d3dx10_40_x64.inf	
infinst.exe	
DirectX\directx_Jun2010_redist\Nov2008_d3dx10_40_x86.cab\	
d3dx10_40.dll	
D3DCompiler_40.dll	
d3dx10_40_x86.cat	
d3dx10_40_x86.inf	
d3dx10_40_x86_xp.inf	
Nov2008_d3dx10_40_x86.inf	
DirectX\directx_Jun2010_redist\Nov2008_d3dx9_40_x64.cab\	
d3dx9_40.dll	
d3dx9_40_x64.cat	
d3dx9_40_x64.inf	
d3dx9_40_x64_xp.inf	
Nov2008_d3dx9_40_x64.inf	
infinst.exe	
DirectX\directx_Jun2010_redist\Nov2008_d3dx9_40_x86.cab\	
d3dx9_40.dll	
d3dx9_40_x86.cat	
d3dx9_40_x86.inf	
d3dx9_40_x86_xp.inf	
Nov2008_d3dx9_40_x86.inf	
DirectX\directx_Jun2010_redist\Nov2008_X3DAudio_x64.cab\	
X3DAudio1_5.dll	
X3DAudio1_5_x64.inf	
X3DAudio1_5_x64.cat	
X3DAudio1_5_x64_xp.inf	
Nov2008_X3DAudio_x64.inf	
infinst.exe	
DirectX\directx_Jun2010_redist\Nov2008_X3DAudio_x86.cab\	
X3DAudio1_5.dll	
X3DAudio1_5_x86.inf	
X3DAudio1_5_x86.cat	
X3DAudio1_5_x86_xp.inf	
Nov2008_X3DAudio_x86.inf	
DirectX\directx_Jun2010_redist\Nov2008_XACT_x64.cab\	
xactengine3_3.dll	
XACT3_3_x64.inf	
XACT3_3_x64.cat	
XACT3_3_x64_xp.inf	
Nov2008_XACT_x64.inf	
infinst.exe	
DirectX\directx_Jun2010_redist\Nov2008_XACT_x86.cab\	
xactengine3_3.dll	
XACT3_3_x86.inf	
XACT3_3_x86.cat	
XACT3_3_x86_xp.inf	
Nov2008_XACT_x86.inf	
DirectX\directx_Jun2010_redist\Nov2008_XAudio_x64.cab\	
XAudio2_3.dll	
XAPOFX1_2.dll	
XAudio2_3_x64.inf	
XAudio2_3_x64.cat	
XAudio2_3_x64_xp.inf	
Nov2008_XAudio_x64.inf	
infinst.exe	
DirectX\directx_Jun2010_redist\Nov2008_XAudio_x86.cab\	
XAudio2_3.dll	
XAPOFX1_2.dll	
XAudio2_3_x86.inf	
XAudio2_3_x86.cat	
XAudio2_3_x86_xp.inf	
Nov2008_XAudio_x86.inf	
DirectX\directx_Jun2010_redist\Oct2005_xinput_x64.cab\	
xinput9_1_0_x64.cat	
xinput9_1_0.dll	
infinst.exe	
oct2005_xinput_x64.inf	
xinput9_1_0_x64.inf	
DirectX\directx_Jun2010_redist\Oct2005_xinput_x86.cab\	
xinput9_1_0_x86.cat	
xinput9_1_0.dll	
oct2005_xinput_x86.inf	
xinput9_1_0_x86.inf	
DirectX\directx_Jun2010_redist\OCT2006_d3dx9_31_x64.cab\	
d3dx9_31_x64.cat	
d3dx9_31.dll	
infinst.exe	
d3dx9_31_x64.inf	
oct2006_d3dx9_31_x64.inf	
DirectX\directx_Jun2010_redist\OCT2006_d3dx9_31_x86.cab\	
d3dx9_31_x86.cat	
d3dx9_31.dll	
d3dx9_31_w9x.inf	
d3dx9_31_x86.inf	
oct2006_d3dx9_31_x86.inf	
DirectX\directx_Jun2010_redist\OCT2006_XACT_x64.cab\	
xact2_4_x64.cat	
x3daudio1_1.dll	
xactengine2_4.dll	
infinst.exe	
oct2006_xact_x64.inf	
xact2_4_x64.inf	
DirectX\directx_Jun2010_redist\OCT2006_XACT_x86.cab\	
xact2_4_x86.cat	
x3daudio1_1.dll	
xactengine2_4.dll	
oct2006_xact_x86.inf	
xact2_4_x86.inf	
DirectX\dxwebsetup\	
dsetup.dll	
dsetup32.dll	
dxupdate.cif	
dxupdate.dll	
dxupdate.inf	
dxwsetup.cif	
dxwsetup.exe	
dxwsetup.inf	
ImDisk\	
descript.ion	
install.bat	
ImDisk\files.cab\	
config.exe	
ImDisk Virtual Disk Driver.lnk	
MountImg.exe	
ImDisk-Dlg.exe	
ImDiskTk-svc.exe	
RamDiskUI.exe	
RamDyn.exe	
ImDisk\files.cab\DiscUtils\	
DevioNet.dll	
DiscUtils.Core.dll	
DiscUtils.Dmg.dll	
DiscUtils.Streams.dll	
DiscUtils.Vdi.dll	
DiscUtils.Vhd.dll	
DiscUtils.Vhdx.dll	
DiscUtils.Vmdk.dll	
DiscUtils.Xva.dll	
DiscUtilsDevio.exe	
DiscUtilsDevio.exe.config	
ImDiskNet.dll	
LTRData.Extensions.dll	
lzfse-net.dll	
lzfse.dll	
Microsoft.Bcl.HashCode.dll	
System.Buffers.dll	
System.Memory.dll	
System.Numerics.Vectors.dll	
System.Runtime.CompilerServices.Unsafe.dll	
System.Threading.Tasks.Extensions.dll	
System.ValueTuple.dll	
ImDisk\files.cab\lang\	
brazilian-portuguese.txt	
english.txt	
finnish.txt	
french.txt	
german.txt	
hungarian.txt	
italian.txt	
korean.txt	
russian.txt	
schinese.txt	
spanish.txt	
swedish.txt	
tchinese.txt	
turkish.txt	
ImDisk\files.cab\driver\	
gpl.txt	
imdisk.inf	
install.cmd	
msgboxw.exe	
readme.txt	
runwaitw.exe	
uninstall_imdisk.cmd	
ImDisk\files.cab\driver\awealloc\	
ImDisk\files.cab\driver\awealloc\amd64\	
awealloc.sys	
ImDisk\files.cab\driver\cli\	
ImDisk\files.cab\driver\cli\amd64\	
imdisk.exe	
ImDisk\files.cab\driver\cli\i386\	
imdisk.exe	
ImDisk\files.cab\driver\cpl\	
ImDisk\files.cab\driver\cpl\amd64\	
imdisk.cpl	
ImDisk\files.cab\driver\cpl\i386\	
imdisk.cpl	
ImDisk\files.cab\driver\deviodrv\	
ImDisk\files.cab\driver\deviodrv\amd64\	
deviodrv.sys	
ImDisk\files.cab\driver\svc\	
ImDisk\files.cab\driver\svc\amd64\	
imdsksvc.exe	
ImDisk\files.cab\driver\sys\	
ImDisk\files.cab\driver\sys\amd64\	
imdisk.sys	
Shadow_Defender\	
CmdTool.exe	
CmdTool.txt	
Commit.exe	
Daemon.exe	
Defender.exe	
diskpt.sys	
diskpt.win10.sys	
eula.rtf	
Help.chm	
Install.exe	
res.ini	
Service.exe	
ShellExt.dll	
Uninstall.exe	
____Key____	
